<html>
<body>
<pre>
<h1>礦ision Build Log</h1>
<h2>Tool Versions:</h2>
IDE-Version: μVision V5.32.0.0
Copyright (C) 2020 ARM Ltd and ARM Germany GmbH. All rights reserved.
License Information: aaa microsoft, microsoft, LIC=FYKYW-Q13RG-MMU9I-TAC42-LT25L-UZ3CG
 
Tool Versions:
Toolchain:       MDK-ARM Plus  Version: 5.32.0.0
Toolchain Path:  D:\PROFROMFILE\keil5\ARM\ARMCC\Bin
C Compiler:      Armcc.exe V5.06 update 7 (build 960)
Assembler:       Armasm.exe V5.06 update 7 (build 960)
Linker/Locator:  ArmLink.exe V5.06 update 7 (build 960)
Library Manager: ArmAr.exe V5.06 update 7 (build 960)
Hex Converter:   FromElf.exe V5.06 update 7 (build 960)
CPU DLL:         SARMCM3.DLL V5.32.0.0
Dialog DLL:      DCM.DLL V1.17.3.0
Target DLL:      STLink\ST-LINKIII-KEIL_SWO.dll V3.0.8.0
Dialog DLL:      TCM.DLL V1.46.0.0
 
<h2>Project:</h2>
G:\vl53l0\vl5310_hhc\vl5310_hhc\MDK-ARM\vl5310_hhc.uvprojx
Project File Date:  04/29/2026

<h2>Output:</h2>
*** Using Compiler 'V5.06 update 7 (build 960)', folder: 'D:\PROFROMFILE\keil5\ARM\ARMCC\Bin'
Rebuild target 'vl5310_hhc'
assembling startup_stm32f103xe.s...
compiling gpio.c...
compiling main.c...
../Core/Inc/VL53L0X.h(24): warning:  #1-D: last line of file ends without a newline
  #endif
../Core/Src/main.c(101): warning:  #1-D: last line of file ends without a newline
  #endif /* USE_FULL_ASSERT */
../Core/Src/main.c: 2 warnings, 0 errors
compiling i2c.c...
../Core/Inc/VL53L0X.h(24): warning:  #1-D: last line of file ends without a newline
  #endif
../Core/Src/i2c.c: 1 warning, 0 errors
compiling usart.c...
../Core/Src/usart.c(189): warning:  #1-D: last line of file ends without a newline
  /* USER CODE END 1 */
../Core/Src/usart.c: 1 warning, 0 errors
compiling stm32f1xx_it.c...
compiling stm32f1xx_hal_msp.c...
compiling VL53L0X.c...
compiling stm32f1xx_hal_gpio_ex.c...
compiling stm32f1xx_hal_i2c.c...
compiling stm32f1xx_hal.c...
compiling stm32f1xx_hal_rcc.c...
compiling stm32f1xx_hal_rcc_ex.c...
compiling stm32f1xx_hal_gpio.c...
compiling stm32f1xx_hal_dma.c...
compiling stm32f1xx_hal_cortex.c...
compiling stm32f1xx_hal_pwr.c...
compiling stm32f1xx_hal_flash.c...
compiling stm32f1xx_hal_flash_ex.c...
compiling stm32f1xx_hal_exti.c...
compiling system_stm32f1xx.c...
compiling stm32f1xx_hal_uart.c...
linking...
Program Size: Code=8856 RO-data=380 RW-data=24 ZI-data=1256  
FromELF: creating hex file...
"vl5310_hhc\vl5310_hhc.axf" - 0 Error(s), 4 Warning(s).

<h2>Software Packages used:</h2>

Package Vendor: ARM
                http://www.keil.com/pack/ARM.CMSIS.5.7.0.pack
                ARM.CMSIS.5.7.0
                CMSIS (Cortex Microcontroller Software Interface Standard)
   * Component: CORE Version: 5.4.0

Package Vendor: Keil
                https://www.keil.com/pack/Keil.STM32F1xx_DFP.2.4.1.pack
                Keil.STM32F1xx_DFP.2.4.1
                STMicroelectronics STM32F1 Series Device Support, Drivers and Examples

<h2>Collection of Component include folders:</h2>
  .\RTE\_vl5310_hhc
  E:\三只蓝鲸\1_集成开发环境IDE(Keil)\ARM\CMSIS\5.7.0\CMSIS\Core\Include
  E:\三只蓝鲸\1_集成开发环境IDE(Keil)\Keil\STM32F1xx_DFP\2.4.1\Device\Include

<h2>Collection of Component Files used:</h2>

   * Component: ARM::CMSIS:CORE:5.4.0
      Include file:  CMSIS\Core\Include\tz_context.h
Build Time Elapsed:  00:00:41
</pre>
</body>
</html>
